{
  "checkpoint": "/lustre/fs1/home/ak565492/HetNet/runs/softrole_primary/pcp_banked/seed1/checkpoints/epoch1500.pt",
  "model_signature": "4c6bb85ad013dd9faf72c9e361d30dc3f6c438eaab170c5b5f5fbfdb3fe77b68",
  "checkpoint_sha256": "54f681164a8de35a2cc0a5c7f999555ddcd0a46640985f630d9a27b877b89488",
  "format_version": 1,
  "training_seed": 1,
  "evaluation_version": 2,
  "environment_version": "corrected-observation-v1",
  "source_sha256": "35e7fc3a53d6ad4ba1cc5342a977f9ad4568b79de24a9cb53027c20aced07163",
  "checkpoint_progress": {
    "epoch": 1500,
    "updates": 15000,
    "total_steps": 30683393,
    "total_episodes": 2604257
  },
  "intervention": "none",
  "sham": false,
  "episodes": 100,
  "success_rate": 1.0,
  "mean_team_return": -0.512,
  "mean_agent_return": -0.17066666666666666,
  "event_exposed_episodes": 0,
  "post_event_success_rate": null,
  "scheduled_event_exposed_episodes": 0,
  "post_schedule_success_rate": null
}
