{"command": ["/Users/akshatguduru/Desktop/Thesis/HetNet/.venv/bin/python3", "tests/helpers/hetnet_gradient_probe.py", "--output", "/Users/akshatguduru/Desktop/Thesis/HetNet/runs/gate_a/full_20260928_stokes_01/actual_gradient_2P1A.json", "--updates", "3", "--batch-size", "4", "--horizon", "4", "--num-p", "2", "--num-a", "1", "--timeout-seconds", "120"], "cwd": "/Users/akshatguduru/Desktop/Thesis/HetNet"}
Gym has been unmaintained since 2022 and does not support NumPy 2.0 amongst other critical functionality.
Please upgrade to Gymnasium, the maintained drop-in replacement of Gym, or contact the authors of your software and request that they upgrade.
Users of this version of Gym should be able to simply replace 'import gym' with 'import gymnasium as gym' in the vast majority of cases.
See the migration guide at https://gymnasium.farama.org/introduction/migration_guide/ for additional information.
Gym has been unmaintained since 2022 and does not support NumPy 2.0 amongst other critical functionality.
Please upgrade to Gymnasium, the maintained drop-in replacement of Gym, or contact the authors of your software and request that they upgrade.
Users of this version of Gym should be able to simply replace 'import gym' with 'import gymnasium as gym' in the vast majority of cases.
See the migration guide at https://gymnasium.farama.org/introduction/migration_guide/ for additional information.Gym has been unmaintained since 2022 and does not support NumPy 2.0 amongst other critical functionality.
Please upgrade to Gymnasium, the maintained drop-in replacement of Gym, or contact the authors of your software and request that they upgrade.
Users of this version of Gym should be able to simply replace 'import gym' with 'import gymnasium as gym' in the vast majority of cases.
See the migration guide at https://gymnasium.farama.org/introduction/migration_guide/ for additional information.

Gym has been unmaintained since 2022 and does not support NumPy 2.0 amongst other critical functionality.
Please upgrade to Gymnasium, the maintained drop-in replacement of Gym, or contact the authors of your software and request that they upgrade.
Users of this version of Gym should be able to simply replace 'import gym' with 'import gymnasium as gym' in the vast majority of cases.
See the migration guide at https://gymnasium.farama.org/introduction/migration_guide/ for additional information.
Actual HetNet gradient contract: PASS (/Users/akshatguduru/Desktop/Thesis/HetNet/runs/gate_a/full_20260928_stokes_01/actual_gradient_2P1A.json)
  update 1: shared_weights=True current_storage=True fresh_aggregation=True max_gradient_error=0
  update 2: shared_weights=True current_storage=True fresh_aggregation=True max_gradient_error=0
  update 3: shared_weights=True current_storage=True fresh_aggregation=True max_gradient_error=0
